<html>
<body>
<pre>
<h1>礦ision Build Log</h1>
<h2>Project:</h2>
D:\project\atsha204a\客户资料\atsha204a小板\demo\atsha204a.uvprojx
Project File Date:  07/15/2017

<h2>Output:</h2>
Build target 'Target 1'
compiling main.c...
main.c(17): warning:  #111-D: statement is unreachable
        return 0;
main.c: 1 warning, 0 errors
compiling core_cm3.c...
compiling stm32f10x_it.c...
compiling system_stm32f10x.c...
assembling startup_stm32f10x_md.s...
compiling misc.c...
compiling stm32f10x_adc.c...
compiling stm32f10x_bkp.c...
compiling stm32f10x_can.c...
compiling stm32f10x_cec.c...
compiling stm32f10x_crc.c...
compiling stm32f10x_dac.c...
compiling stm32f10x_dbgmcu.c...
compiling stm32f10x_dma.c...
compiling stm32f10x_exti.c...
compiling stm32f10x_flash.c...
compiling stm32f10x_fsmc.c...
compiling stm32f10x_gpio.c...
compiling stm32f10x_i2c.c...
compiling stm32f10x_iwdg.c...
compiling stm32f10x_pwr.c...
compiling stm32f10x_rcc.c...
compiling stm32f10x_rtc.c...
compiling stm32f10x_sdio.c...
compiling stm32f10x_spi.c...
compiling stm32f10x_tim.c...
compiling stm32f10x_usart.c...
compiling stm32f10x_wwdg.c...
compiling sha204_helper.c...
compiling sha256.c...
compiling Sha256_atmel.c...
compiling sha204_comm.c...
compiling sha204_comm_marshaling.c...
compiling sha204_i2c.c...
compiling sha204_timer_utilities.c...
compiling usart1.c...
compiling sha204_command.c...
compiling sha204_test.c...
atsha204a\sha204_test.c(72): warning:  #177-D: variable "nonce" was declared but never referenced
        NoncePara nonce;
atsha204a\sha204_test.c(75): warning:  #177-D: variable "temp_key" was declared but never referenced
        struct sha204h_temp_key temp_key;
atsha204a\sha204_test.c(405): warning:  #940-D: missing return statement at end of non-void function "TestReadConfig"
  }
atsha204a\sha204_test.c(263): warning:  #550-D: variable "index" was set but never used
        uint8_t index = 0;
atsha204a\sha204_test.c: 4 warnings, 0 errors
compiling sha204_init.c...
linking...
Program Size: Code=14584 RO-data=1024 RW-data=408 ZI-data=1488  
FromELF: creating hex file...
".\Objects\atsha204a.axf" - 0 Error(s), 5 Warning(s).
Clean started: Project: 'atsha204a'
   deleting intermediate output files for target 'Target 1'
</pre>
</body>
</html>
